--------- beginning of system
08-30 16:38:25.764 I/WindowManager(  473): Win Window{2bfd59e0 u0 NavigationBar}: isVisibleOrBehindKeyguardLw=true
08-30 16:38:25.764 I/WindowManager(  473): Win Window{e891a61 u0 StatusBar}: isVisibleOrBehindKeyguardLw=true
08-30 16:38:25.764 I/WindowManager(  473): Win Window{326847b3 u0 com.android.systemui.ImageWallpaper}: isVisibleOrBehindKeyguardLw=false
08-30 16:38:25.764 I/WindowManager(  473): force=false forcefkg=false top=null
08-30 16:38:25.765 V/WindowManager(  473): finishPostLayoutPolicyLw: mHideKeyguard=false
08-30 16:38:25.771 I/ActivityManager(  473):   Force stopping service ServiceRecord{2fab0b83 u0 com.sp.spmultipleapp/.service.TestServiceFromActivity}
08-30 16:38:25.771 I/ActivityManager(  473):   Force stopping service ServiceRecord{34e47ce8 u0 com.sp.spmultipleapp/.service.TestService}
08-30 16:38:25.771 I/ActivityManager(  473):   Force stopping service ServiceRecord{1592d7e7 u0 com.sp.spmultipleapp/.service.TestBackgroundService}
08-30 16:38:25.777 I/WindowManager(  473): mNavigationBar frame: Rect(0, 552 - 1024, 600)
08-30 16:38:25.777 I/WindowManager(  473): mDock rect: (0,0 - 1024,552)
08-30 16:38:25.778 V/WindowManager(  473): Status bar: dock=[0,25][1024,552] content=[0,25][1024,552] cur=[0,25][1024,552]
08-30 16:38:25.778 V/WindowManager(  473): layoutWindowLw(SearchPanel): IN_SCREEN
08-30 16:38:25.778 V/WindowManager(  473): Laying out navigation bar window: (0,0 - 1024,600)
08-30 16:38:25.778 V/WindowManager(  473): Compute frame SearchPanel: sim=#31 attach=null type=2024 flags=0x01820100 pf=[0,0][1024,600] df=[0,0][1024,600] of=[0,0][1024,600] cf=[0,25][1024,552] vf=[0,25][1024,552] dcf=[0,25][1024,552] sf=[0,25][1024,552]
08-30 16:38:25.778 I/WindowManager(  473): Win Window{2bfd59e0 u0 NavigationBar}: isVisibleOrBehindKeyguardLw=true
08-30 16:38:25.778 I/WindowManager(  473): Win Window{e891a61 u0 StatusBar}: isVisibleOrBehindKeyguardLw=true
08-30 16:38:25.778 I/WindowManager(  473): Win Window{326847b3 u0 com.android.systemui.ImageWallpaper}: isVisibleOrBehindKeyguardLw=false
08-30 16:38:25.778 I/WindowManager(  473): force=false forcefkg=false top=null
08-30 16:38:25.778 V/WindowManager(  473): finishPostLayoutPolicyLw: mHideKeyguard=false
08-30 16:38:25.782 W/ActivityManager(  473): Spurious death for ProcessRecord{22cd8cfc 26566:com.sp.spmultipleapp/u0a62}, curProc for 26566: null
08-30 16:38:25.786 I/WindowManager(  473): mNavigationBar frame: Rect(0, 552 - 1024, 600)
08-30 16:38:25.786 I/WindowManager(  473): mDock rect: (0,0 - 1024,552)
08-30 16:38:25.786 V/WindowManager(  473): Status bar: dock=[0,25][1024,552] content=[0,25][1024,552] cur=[0,25][1024,552]
08-30 16:38:25.786 V/WindowManager(  473): layoutWindowLw(SearchPanel): IN_SCREEN
08-30 16:38:25.786 V/WindowManager(  473): Laying out navigation bar window: (0,0 - 1024,600)
08-30 16:38:25.786 V/WindowManager(  473): Compute frame SearchPanel: sim=#31 attach=null type=2024 flags=0x01820100 pf=[0,0][1024,600] df=[0,0][1024,600] of=[0,0][1024,600] cf=[0,25][1024,552] vf=[0,25][1024,552] dcf=[0,25][1024,552] sf=[0,25][1024,552]
08-30 16:38:25.787 I/WindowManager(  473): Win Window{2bfd59e0 u0 NavigationBar}: isVisibleOrBehindKeyguardLw=true
08-30 16:38:25.787 I/WindowManager(  473): Win Window{e891a61 u0 StatusBar}: isVisibleOrBehindKeyguardLw=true
08-30 16:38:25.787 I/WindowManager(  473): Win Window{326847b3 u0 com.android.systemui.ImageWallpaper}: isVisibleOrBehindKeyguardLw=false
08-30 16:38:25.787 I/WindowManager(  473): force=false forcefkg=false top=null
08-30 16:38:25.787 V/WindowManager(  473): finishPostLayoutPolicyLw: mHideKeyguard=false
08-30 16:38:25.808 I/WindowManager(  473): mNavigationBar frame: Rect(0, 552 - 1024, 600)
08-30 16:38:25.808 I/WindowManager(  473): mDock rect: (0,0 - 1024,552)
08-30 16:38:25.808 V/WindowManager(  473): Status bar: dock=[0,25][1024,552] content=[0,25][1024,552] cur=[0,25][1024,552]
08-30 16:38:25.808 V/WindowManager(  473): layoutWindowLw(SearchPanel): IN_SCREEN
08-30 16:38:25.808 V/WindowManager(  473): Laying out navigation bar window: (0,0 - 1024,600)
08-30 16:38:25.808 V/WindowManager(  473): Compute frame SearchPanel: sim=#31 attach=null type=2024 flags=0x01820100 pf=[0,0][1024,600] df=[0,0][1024,600] of=[0,0][1024,600] cf=[0,25][1024,552] vf=[0,25][1024,552] dcf=[0,25][1024,552] sf=[0,25][1024,552]
08-30 16:38:25.809 I/WindowManager(  473): Win Window{2bfd59e0 u0 NavigationBar}: isVisibleOrBehindKeyguardLw=true
08-30 16:38:25.809 I/WindowManager(  473): Win Window{e891a61 u0 StatusBar}: isVisibleOrBehindKeyguardLw=true
08-30 16:38:25.809 I/WindowManager(  473): Win Window{15efa3ed u0 com.android.launcher/com.android.launcher2.Launcher}: isVisibleOrBehindKeyguardLw=false
08-30 16:38:25.810 I/WindowManager(  473): Win Window{326847b3 u0 com.android.systemui.ImageWallpaper}: isVisibleOrBehindKeyguardLw=false
08-30 16:38:25.810 I/WindowManager(  473): force=false forcefkg=false top=null
08-30 16:38:25.810 V/WindowManager(  473): finishPostLayoutPolicyLw: mHideKeyguard=false
08-30 16:38:25.832 D/InputMethodManagerService(  473): --- calledFromForegroundUserOrSystemProcess ? calling uid = 10060 system uid = 1000 calling userId = 0, foreground user id = 0, calling pid = 10005com.android.server.InputMethodManagerService.windowGainedFocus(InputMethodManagerService.java:1981)
08-30 16:38:25.833 V/InputMethodManagerService(  473): windowGainedFocus: android.os.BinderProxy@32b87e17 controlFlags=#105 softInputMode=#120 windowFlags=#1910100
08-30 16:38:25.833 V/InputMethodManagerService(  473): Unspecified window will hide input
08-30 16:38:25.833 V/InputMethodManagerService(  473): unbindCurrentInputLocked: client = android.os.BinderProxy@14d69d39
08-30 16:38:25.834 W/InputMethodManagerService(  473): Got RemoteException sending setActive(false) notification to pid 26566 uid 10062
08-30 16:38:25.834 V/InputMethodManagerService(  473): Hide switching menu
08-30 16:38:25.834 V/InputMethodManagerService(  473): switching to client: client = android.os.BinderProxy@32b87e17 keyguard=false
08-30 16:38:25.836 V/InputMethodManagerService(  473): Enabling: SessionState{uid 10060 pid 10005 method 350a6ab6 session d926d9c channel ClientState{3f97190f uid 10060 pid 10005} (server)}
08-30 16:38:25.861 I/WindowManager(  473): mNavigationBar frame: Rect(0, 552 - 1024, 600)
08-30 16:38:25.861 I/WindowManager(  473): mDock rect: (0,0 - 1024,552)
08-30 16:38:25.861 V/WindowManager(  473): Status bar: dock=[0,25][1024,552] content=[0,25][1024,552] cur=[0,25][1024,552]
08-30 16:38:25.861 V/WindowManager(  473): layoutWindowLw(SearchPanel): IN_SCREEN
08-30 16:38:25.861 V/WindowManager(  473): Laying out navigation bar window: (0,0 - 1024,600)
08-30 16:38:25.861 V/WindowManager(  473): Compute frame SearchPanel: sim=#31 attach=null type=2024 flags=0x01820100 pf=[0,0][1024,600] df=[0,0][1024,600] of=[0,0][1024,600] cf=[0,25][1024,552] vf=[0,25][1024,552] dcf=[0,25][1024,552] sf=[0,25][1024,552]
08-30 16:38:25.861 V/WindowManager(  473): layoutWindowLw(com.android.systemui.ImageWallpaper): IN_SCREEN
08-30 16:38:25.862 V/WindowManager(  473): Compute frame com.android.systemui.ImageWallpaper: sim=#0 attach=null type=2013 flags=0x00000318 pf=[0,0][1024,600] df=[-10000,-10000][10000,10000] of=[0,0][1024,600] cf=[0,0][1024,600] vf=[0,25][1024,552] dcf=[0,25][1024,552] sf=[0,25][1024,552]
08-30 16:38:25.862 I/WindowManager(  473): Win Window{2bfd59e0 u0 NavigationBar}: isVisibleOrBehindKeyguardLw=true
08-30 16:38:25.862 I/WindowManager(  473): Win Window{e891a61 u0 StatusBar}: isVisibleOrBehindKeyguardLw=true
08-30 16:38:25.862 I/WindowManager(  473): Win Window{15efa3ed u0 com.android.launcher/com.android.launcher2.Launcher}: isVisibleOrBehindKeyguardLw=false
08-30 16:38:25.862 I/WindowManager(  473): Win Window{326847b3 u0 com.android.systemui.ImageWallpaper}: isVisibleOrBehindKeyguardLw=true
08-30 16:38:25.862 I/WindowManager(  473): force=false forcefkg=false top=null
08-30 16:38:25.862 V/WindowManager(  473): finishPostLayoutPolicyLw: mHideKeyguard=false
08-30 16:38:25.868 I/WindowManager(  473): mNavigationBar frame: Rect(0, 552 - 1024, 600)
08-30 16:38:25.869 I/WindowManager(  473): mDock rect: (0,0 - 1024,552)
08-30 16:38:25.869 V/WindowManager(  473): Status bar: dock=[0,25][1024,552] content=[0,25][1024,552] cur=[0,25][1024,552]
08-30 16:38:25.869 V/WindowManager(  473): layoutWindowLw(SearchPanel): IN_SCREEN
08-30 16:38:25.869 V/WindowManager(  473): Laying out navigation bar window: (0,0 - 1024,600)
08-30 16:38:25.869 V/WindowManager(  473): Compute frame SearchPanel: sim=#31 attach=null type=2024 flags=0x01820100 pf=[0,0][1024,600] df=[0,0][1024,600] of=[0,0][1024,600] cf=[0,0][1024,600] vf=[0,0][1024,600] dcf=[0,25][1024,552] sf=[0,25][1024,552]
08-30 16:38:25.869 V/WindowManager(  473): layoutWindowLw(com.android.launcher/com.android.launcher2.Launcher): IN_SCREEN, INSET_DECOR
08-30 16:38:25.869 V/WindowManager(  473): Compute frame com.android.launcher/com.android.launcher2.Launcher: sim=#120 attach=null type=1 flags=0x01910100 pf=[0,0][1024,552] df=[0,0][1024,552] of=[0,0][1024,600] cf=[0,25][1024,552] vf=[0,25][1024,552] dcf=[0,25][1024,552] sf=[0,25][1024,552]
08-30 16:38:25.869 V/WindowManager(  473): layoutWindowLw(com.android.systemui.ImageWallpaper): IN_SCREEN
08-30 16:38:25.870 V/WindowManager(  473): Compute frame com.android.systemui.ImageWallpaper: sim=#0 attach=null type=2013 flags=0x00000318 pf=[0,0][1024,600] df=[-10000,-10000][10000,10000] of=[0,0][1024,600] cf=[0,0][1024,600] vf=[0,25][1024,552] dcf=[0,25][1024,552] sf=[0,25][1024,552]
08-30 16:38:25.870 I/WindowManager(  473): Win Window{2bfd59e0 u0 NavigationBar}: isVisibleOrBehindKeyguardLw=true
08-30 16:38:25.870 I/WindowManager(  473): Win Window{e891a61 u0 StatusBar}: isVisibleOrBehindKeyguardLw=true
08-30 16:38:25.870 I/WindowManager(  473): Win Window{15efa3ed u0 com.android.launcher/com.android.launcher2.Launcher}: isVisibleOrBehindKeyguardLw=true
08-30 16:38:25.870 V/WindowManager(  473): Fullscreen window: Window{15efa3ed u0 com.android.launcher/com.android.launcher2.Launcher}
08-30 16:38:25.870 I/WindowManager(  473): Win Window{326847b3 u0 com.android.systemui.ImageWallpaper}: isVisibleOrBehindKeyguardLw=true
08-30 16:38:25.870 I/WindowManager(  473): force=false forcefkg=false top=Window{15efa3ed u0 com.android.launcher/com.android.launcher2.Launcher}
08-30 16:38:25.870 D/WindowManager(  473): frame: Rect(0, 0 - 1024, 552) shown frame: RectF(0.0, 0.0, 1024.0, 552.0)
08-30 16:38:25.870 D/WindowManager(  473): attr: WM.LayoutParams{(0,0)(fillxfill) sim=#120 ty=1 fl=#1910100 fmt=-2 wanim=0x10303e2 surfaceInsets=Rect(0, 0 - 0, 0) needsMenuKey=2} lp.flags=0x1910100
08-30 16:38:25.870 V/WindowManager(  473): ** SHOWING status bar: top is not fullscreen
08-30 16:38:25.870 V/WindowManager(  473): finishPostLayoutPolicyLw: mHideKeyguard=false
08-30 16:38:25.874 I/WindowManager(  473): Win Window{2bfd59e0 u0 NavigationBar}: isVisibleOrBehindKeyguardLw=true
08-30 16:38:25.874 I/WindowManager(  473): Win Window{e891a61 u0 StatusBar}: isVisibleOrBehindKeyguardLw=true
08-30 16:38:25.874 I/WindowManager(  473): Win Window{15efa3ed u0 com.android.launcher/com.android.launcher2.Launcher}: isVisibleOrBehindKeyguardLw=true
08-30 16:38:25.874 V/WindowManager(  473): Fullscreen window: Window{15efa3ed u0 com.android.launcher/com.android.launcher2.Launcher}
08-30 16:38:25.874 I/WindowManager(  473): Win Window{326847b3 u0 com.android.systemui.ImageWallpaper}: isVisibleOrBehindKeyguardLw=true
08-30 16:38:25.874 I/WindowManager(  473): force=false forcefkg=false top=Window{15efa3ed u0 com.android.launcher/com.android.launcher2.Launcher}
08-30 16:38:25.875 D/WindowManager(  473): frame: Rect(0, 0 - 1024, 552) shown frame: RectF(0.0, 0.0, 1024.0, 552.0)
08-30 16:38:25.875 D/WindowManager(  473): attr: WM.LayoutParams{(0,0)(fillxfill) sim=#120 ty=1 fl=#1910100 fmt=-2 wanim=0x10303e2 surfaceInsets=Rect(0, 0 - 0, 0) needsMenuKey=2} lp.flags=0x1910100
08-30 16:38:25.875 V/WindowManager(  473): ** SHOWING status bar: top is not fullscreen
08-30 16:38:25.875 V/WindowManager(  473): finishPostLayoutPolicyLw: mHideKeyguard=false
08-30 16:38:25.880 I/WindowManager(  473): mNavigationBar frame: Rect(0, 552 - 1024, 600)
08-30 16:38:25.880 I/WindowManager(  473): mDock rect: (0,0 - 1024,552)
08-30 16:38:25.881 V/WindowManager(  473): Status bar: dock=[0,25][1024,552] content=[0,25][1024,552] cur=[0,25][1024,552]
08-30 16:38:25.881 V/WindowManager(  473): layoutWindowLw(SearchPanel): IN_SCREEN
08-30 16:38:25.881 V/WindowManager(  473): Laying out navigation bar window: (0,0 - 1024,600)
08-30 16:38:25.882 V/WindowManager(  473): Compute frame SearchPanel: sim=#31 attach=null type=2024 flags=0x01820100 pf=[0,0][1024,600] df=[0,0][1024,600] of=[0,0][1024,600] cf=[0,0][1024,600] vf=[0,0][1024,600] dcf=[0,25][1024,552] sf=[0,25][1024,552]
08-30 16:38:25.882 V/WindowManager(  473): layoutWindowLw(com.android.launcher/com.android.launcher2.Launcher): IN_SCREEN, INSET_DECOR
08-30 16:38:25.883 V/WindowManager(  473): Compute frame com.android.launcher/com.android.launcher2.Launcher: sim=#120 attach=null type=1 flags=0x01910100 pf=[0,0][1024,552] df=[0,0][1024,552] of=[0,0][1024,600] cf=[0,25][1024,552] vf=[0,25][1024,552] dcf=[0,25][1024,552] sf=[0,25][1024,552]
08-30 16:38:25.883 V/WindowManager(  473): layoutWindowLw(com.android.systemui.ImageWallpaper): IN_SCREEN
08-30 16:38:25.884 V/WindowManager(  473): Compute frame com.android.systemui.ImageWallpaper: sim=#0 attach=null type=2013 flags=0x00000318 pf=[0,0][1024,600] df=[-10000,-10000][10000,10000] of=[0,0][1024,600] cf=[0,0][1024,600] vf=[0,25][1024,552] dcf=[0,25][1024,552] sf=[0,25][1024,552]
08-30 16:38:25.884 I/WindowManager(  473): Win Window{2bfd59e0 u0 NavigationBar}: isVisibleOrBehindKeyguardLw=true
08-30 16:38:25.884 I/WindowManager(  473): Win Window{e891a61 u0 StatusBar}: isVisibleOrBehindKeyguardLw=true
08-30 16:38:25.884 I/WindowManager(  473): Win Window{15efa3ed u0 com.android.launcher/com.android.launcher2.Launcher}: isVisibleOrBehindKeyguardLw=true
08-30 16:38:25.885 V/WindowManager(  473): Fullscreen window: Window{15efa3ed u0 com.android.launcher/com.android.launcher2.Launcher}
08-30 16:38:25.885 I/WindowManager(  473): Win Window{326847b3 u0 com.android.systemui.ImageWallpaper}: isVisibleOrBehindKeyguardLw=true
08-30 16:38:25.885 I/WindowManager(  473): force=false forcefkg=false top=Window{15efa3ed u0 com.android.launcher/com.android.launcher2.Launcher}
08-30 16:38:25.885 D/WindowManager(  473): frame: Rect(0, 0 - 1024, 552) shown frame: RectF(0.0, 0.0, 1024.0, 552.0)
08-30 16:38:25.885 D/WindowManager(  473): attr: WM.LayoutParams{(0,0)(fillxfill) sim=#120 ty=1 fl=#1910100 fmt=-2 wanim=0x10303e2 surfaceInsets=Rect(0, 0 - 0, 0) needsMenuKey=2} lp.flags=0x1910100
08-30 16:38:25.885 V/WindowManager(  473): ** SHOWING status bar: top is not fullscreen
08-30 16:38:25.885 V/WindowManager(  473): finishPostLayoutPolicyLw: mHideKeyguard=false
08-30 16:38:26.124 I/WindowManager(  473): mNavigationBar frame: Rect(0, 552 - 1024, 600)
08-30 16:38:26.124 I/WindowManager(  473): mDock rect: (0,0 - 1024,552)
08-30 16:38:26.124 V/WindowManager(  473): Status bar: dock=[0,25][1024,552] content=[0,25][1024,552] cur=[0,25][1024,552]
08-30 16:38:26.124 V/WindowManager(  473): layoutWindowLw(SearchPanel): IN_SCREEN
08-30 16:38:26.124 V/WindowManager(  473): Laying out navigation bar window: (0,0 - 1024,600)
08-30 16:38:26.125 V/WindowManager(  473): Compute frame SearchPanel: sim=#31 attach=null type=2024 flags=0x01820100 pf=[0,0][1024,600] df=[0,0][1024,600] of=[0,0][1024,600] cf=[0,0][1024,600] vf=[0,0][1024,600] dcf=[0,25][1024,552] sf=[0,25][1024,552]
08-30 16:38:26.125 V/WindowManager(  473): layoutWindowLw(com.android.launcher/com.android.launcher2.Launcher): IN_SCREEN, INSET_DECOR
08-30 16:38:26.125 V/WindowManager(  473): Compute frame com.android.launcher/com.android.launcher2.Launcher: sim=#120 attach=null type=1 flags=0x01910100 pf=[0,0][1024,552] df=[0,0][1024,552] of=[0,0][1024,600] cf=[0,25][1024,552] vf=[0,25][1024,552] dcf=[0,25][1024,552] sf=[0,25][1024,552]
08-30 16:38:26.125 V/WindowManager(  473): layoutWindowLw(com.android.systemui.ImageWallpaper): IN_SCREEN
08-30 16:38:26.125 V/WindowManager(  473): Compute frame com.android.systemui.ImageWallpaper: sim=#0 attach=null type=2013 flags=0x00000318 pf=[0,0][1024,600] df=[-10000,-10000][10000,10000] of=[0,0][1024,600] cf=[0,0][1024,600] vf=[0,25][1024,552] dcf=[0,25][1024,552] sf=[0,25][1024,552]
08-30 16:38:26.125 I/WindowManager(  473): Win Window{2bfd59e0 u0 NavigationBar}: isVisibleOrBehindKeyguardLw=true
08-30 16:38:26.125 I/WindowManager(  473): Win Window{e891a61 u0 StatusBar}: isVisibleOrBehindKeyguardLw=true
08-30 16:38:26.125 I/WindowManager(  473): Win Window{15efa3ed u0 com.android.launcher/com.android.launcher2.Launcher}: isVisibleOrBehindKeyguardLw=true
08-30 16:38:26.125 V/WindowManager(  473): Fullscreen window: Window{15efa3ed u0 com.android.launcher/com.android.launcher2.Launcher}
08-30 16:38:26.125 I/WindowManager(  473): Win Window{326847b3 u0 com.android.systemui.ImageWallpaper}: isVisibleOrBehindKeyguardLw=true
08-30 16:38:26.125 I/WindowManager(  473): force=false forcefkg=false top=Window{15efa3ed u0 com.android.launcher/com.android.launcher2.Launcher}
08-30 16:38:26.125 D/WindowManager(  473): frame: Rect(0, 0 - 1024, 552) shown frame: RectF(0.0, 0.0, 1024.0, 552.0)
08-30 16:38:26.125 D/WindowManager(  473): attr: WM.LayoutParams{(0,0)(fillxfill) sim=#120 ty=1 fl=#1910100 fmt=-2 wanim=0x10303e2 surfaceInsets=Rect(0, 0 - 0, 0) needsMenuKey=2} lp.flags=0x1910100
08-30 16:38:26.125 V/WindowManager(  473): ** SHOWING status bar: top is not fullscreen
08-30 16:38:26.125 V/WindowManager(  473): finishPostLayoutPolicyLw: mHideKeyguard=false
08-30 16:38:26.128 I/WindowManager(  473): mNavigationBar frame: Rect(0, 552 - 1024, 600)
08-30 16:38:26.128 I/WindowManager(  473): mDock rect: (0,0 - 1024,552)
08-30 16:38:26.128 V/WindowManager(  473): Status bar: dock=[0,25][1024,552] content=[0,25][1024,552] cur=[0,25][1024,552]
08-30 16:38:26.128 V/WindowManager(  473): layoutWindowLw(SearchPanel): IN_SCREEN
08-30 16:38:26.128 V/WindowManager(  473): Laying out navigation bar window: (0,0 - 1024,600)
08-30 16:38:26.128 V/WindowManager(  473): Compute frame SearchPanel: sim=#31 attach=null type=2024 flags=0x01820100 pf=[0,0][1024,600] df=[0,0][1024,600] of=[0,0][1024,600] cf=[0,0][1024,600] vf=[0,0][1024,600] dcf=[0,25][1024,552] sf=[0,25][1024,552]
08-30 16:38:26.129 V/WindowManager(  473): layoutWindowLw(com.android.launcher/com.android.launcher2.Launcher): IN_SCREEN, INSET_DECOR
08-30 16:38:26.129 V/WindowManager(  473): Compute frame com.android.launcher/com.android.launcher2.Launcher: sim=#120 attach=null type=1 flags=0x01910100 pf=[0,0][1024,552] df=[0,0][1024,552] of=[0,0][1024,600] cf=[0,25][1024,552] vf=[0,25][1024,552] dcf=[0,25][1024,552] sf=[0,25][1024,552]
08-30 16:38:26.129 V/WindowManager(  473): layoutWindowLw(com.android.systemui.ImageWallpaper): IN_SCREEN
08-30 16:38:26.129 V/WindowManager(  473): Compute frame com.android.systemui.ImageWallpaper: sim=#0 attach=null type=2013 flags=0x00000318 pf=[0,0][1024,600] df=[-10000,-10000][10000,10000] of=[0,0][1024,600] cf=[0,0][1024,600] vf=[0,25][1024,552] dcf=[0,25][1024,552] sf=[0,25][1024,552]
08-30 16:38:26.129 I/WindowManager(  473): Win Window{2bfd59e0 u0 NavigationBar}: isVisibleOrBehindKeyguardLw=true
08-30 16:38:26.129 I/WindowManager(  473): Win Window{e891a61 u0 StatusBar}: isVisibleOrBehindKeyguardLw=true
08-30 16:38:26.129 I/WindowManager(  473): Win Window{15efa3ed u0 com.android.launcher/com.android.launcher2.Launcher}: isVisibleOrBehindKeyguardLw=true
08-30 16:38:26.129 V/WindowManager(  473): Fullscreen window: Window{15efa3ed u0 com.android.launcher/com.android.launcher2.Launcher}
08-30 16:38:26.129 I/WindowManager(  473): Win Window{326847b3 u0 com.android.systemui.ImageWallpaper}: isVisibleOrBehindKeyguardLw=true
08-30 16:38:26.129 I/WindowManager(  473): force=false forcefkg=false top=Window{15efa3ed u0 com.android.launcher/com.android.launcher2.Launcher}
08-30 16:38:26.129 D/WindowManager(  473): frame: Rect(0, 0 - 1024, 552) shown frame: RectF(0.0, 0.0, 1024.0, 552.0)
08-30 16:38:26.129 D/WindowManager(  473): attr: WM.LayoutParams{(0,0)(fillxfill) sim=#120 ty=1 fl=#1910100 fmt=-2 wanim=0x10303e2 surfaceInsets=Rect(0, 0 - 0, 0) needsMenuKey=2} lp.flags=0x1910100
08-30 16:38:26.129 V/WindowManager(  473): ** SHOWING status bar: top is not fullscreen
08-30 16:38:26.129 V/WindowManager(  473): finishPostLayoutPolicyLw: mHideKeyguard=false
08-30 16:38:26.141 I/WindowManager(  473): mNavigationBar frame: Rect(0, 552 - 1024, 600)
08-30 16:38:26.141 I/WindowManager(  473): mDock rect: (0,0 - 1024,552)
08-30 16:38:26.141 V/WindowManager(  473): Status bar: dock=[0,25][1024,552] content=[0,25][1024,552] cur=[0,25][1024,552]
08-30 16:38:26.141 V/WindowManager(  473): layoutWindowLw(SearchPanel): IN_SCREEN
08-30 16:38:26.141 V/WindowManager(  473): Laying out navigation bar window: (0,0 - 1024,600)
08-30 16:38:26.141 V/WindowManager(  473): Compute frame SearchPanel: sim=#31 attach=null type=2024 flags=0x01820100 pf=[0,0][1024,600] df=[0,0][1024,600] of=[0,0][1024,600] cf=[0,0][1024,600] vf=[0,0][1024,600] dcf=[0,25][1024,552] sf=[0,25][1024,552]
08-30 16:38:26.141 V/WindowManager(  473): layoutWindowLw(com.android.launcher/com.android.launcher2.Launcher): IN_SCREEN, INSET_DECOR
08-30 16:38:26.142 V/WindowManager(  473): Compute frame com.android.launcher/com.android.launcher2.Launcher: sim=#120 attach=null type=1 flags=0x01910100 pf=[0,0][1024,552] df=[0,0][1024,552] of=[0,0][1024,600] cf=[0,25][1024,552] vf=[0,25][1024,552] dcf=[0,25][1024,552] sf=[0,25][1024,552]
08-30 16:38:26.142 V/WindowManager(  473): layoutWindowLw(com.android.systemui.ImageWallpaper): IN_SCREEN
08-30 16:38:26.142 V/WindowManager(  473): Compute frame com.android.systemui.ImageWallpaper: sim=#0 attach=null type=2013 flags=0x00000318 pf=[0,0][1024,600] df=[-10000,-10000][10000,10000] of=[0,0][1024,600] cf=[0,0][1024,600] vf=[0,25][1024,552] dcf=[0,25][1024,552] sf=[0,25][1024,552]
08-30 16:38:26.142 I/WindowManager(  473): Win Window{2bfd59e0 u0 NavigationBar}: isVisibleOrBehindKeyguardLw=true
08-30 16:38:26.142 I/WindowManager(  473): Win Window{e891a61 u0 StatusBar}: isVisibleOrBehindKeyguardLw=true
08-30 16:38:26.142 I/WindowManager(  473): Win Window{15efa3ed u0 com.android.launcher/com.android.launcher2.Launcher}: isVisibleOrBehindKeyguardLw=true
08-30 16:38:26.142 V/WindowManager(  473): Fullscreen window: Window{15efa3ed u0 com.android.launcher/com.android.launcher2.Launcher}
08-30 16:38:26.142 I/WindowManager(  473): Win Window{326847b3 u0 com.android.systemui.ImageWallpaper}: isVisibleOrBehindKeyguardLw=true
08-30 16:38:26.142 I/WindowManager(  473): force=false forcefkg=false top=Window{15efa3ed u0 com.android.launcher/com.android.launcher2.Launcher}
08-30 16:38:26.142 D/WindowManager(  473): frame: Rect(0, 0 - 1024, 552) shown frame: RectF(0.0, 0.0, 1024.0, 552.0)
08-30 16:38:26.142 D/WindowManager(  473): attr: WM.LayoutParams{(0,0)(fillxfill) sim=#120 ty=1 fl=#1910100 fmt=-2 wanim=0x10303e2 surfaceInsets=Rect(0, 0 - 0, 0) needsMenuKey=2} lp.flags=0x1910100
08-30 16:38:26.142 V/WindowManager(  473): ** SHOWING status bar: top is not fullscreen
08-30 16:38:26.142 V/WindowManager(  473): finishPostLayoutPolicyLw: mHideKeyguard=false
08-30 16:38:26.776 W/ActivityManager(  473): getTasks: caller 10046 does not hold GET_TASKS; limiting output
08-30 16:38:26.777 W/ActivityManager(  473): getTasks: caller 10046 does not hold GET_TASKS; limiting output
08-30 16:38:26.778 V/SettingsProvider(  473): call_put(system:work_model_local=1) for 0
08-30 16:38:26.778 V/SettingsProvider(  473): insert(content://settings/system) for user 0 by 0
08-30 16:38:27.836 I/WindowManager(  473): mNavigationBar frame: Rect(0, 552 - 1024, 600)
08-30 16:38:27.836 I/WindowManager(  473): mDock rect: (0,0 - 1024,552)
08-30 16:38:27.836 V/WindowManager(  473): Status bar: dock=[0,25][1024,552] content=[0,25][1024,552] cur=[0,25][1024,552]
08-30 16:38:27.836 V/WindowManager(  473): layoutWindowLw(SearchPanel): IN_SCREEN
08-30 16:38:27.836 V/WindowManager(  473): Laying out navigation bar window: (0,0 - 1024,600)
08-30 16:38:27.836 V/WindowManager(  473): Compute frame SearchPanel: sim=#31 attach=null type=2024 flags=0x01820100 pf=[0,0][1024,600] df=[0,0][1024,600] of=[0,0][1024,600] cf=[0,0][1024,600] vf=[0,0][1024,600] dcf=[0,25][1024,552] sf=[0,25][1024,552]
08-30 16:38:27.836 V/WindowManager(  473): layoutWindowLw(com.android.launcher/com.android.launcher2.Launcher): IN_SCREEN, INSET_DECOR
08-30 16:38:27.837 V/WindowManager(  473): Compute frame com.android.launcher/com.android.launcher2.Launcher: sim=#20 attach=null type=1 flags=0x01810100 pf=[0,0][1024,552] df=[0,0][1024,552] of=[0,0][1024,600] cf=[0,25][1024,552] vf=[0,25][1024,552] dcf=[0,25][1024,552] sf=[0,25][1024,552]
08-30 16:38:27.837 I/WindowManager(  473): Win Window{2bfd59e0 u0 NavigationBar}: isVisibleOrBehindKeyguardLw=true
08-30 16:38:27.837 I/WindowManager(  473): Win Window{e891a61 u0 StatusBar}: isVisibleOrBehindKeyguardLw=true
08-30 16:38:27.837 I/WindowManager(  473): Win Window{15efa3ed u0 com.android.launcher/com.android.launcher2.Launcher}: isVisibleOrBehindKeyguardLw=true
08-30 16:38:27.837 V/WindowManager(  473): Fullscreen window: Window{15efa3ed u0 com.android.launcher/com.android.launcher2.Launcher}
08-30 16:38:27.837 I/WindowManager(  473): Win Window{326847b3 u0 com.android.systemui.ImageWallpaper}: isVisibleOrBehindKeyguardLw=false
08-30 16:38:27.837 I/WindowManager(  473): force=false forcefkg=false top=Window{15efa3ed u0 com.android.launcher/com.android.launcher2.Launcher}
08-30 16:38:27.837 D/WindowManager(  473): frame: Rect(0, 0 - 1024, 552) shown frame: RectF(0.0, 0.0, 1024.0, 552.0)
08-30 16:38:27.837 D/WindowManager(  473): attr: WM.LayoutParams{(0,0)(fillxfill) sim=#20 ty=1 fl=#1810100 fmt=-2 wanim=0x10303e2 surfaceInsets=Rect(0, 0 - 0, 0) needsMenuKey=2} lp.flags=0x1810100
08-30 16:38:27.837 V/WindowManager(  473): ** SHOWING status bar: top is not fullscreen
08-30 16:38:27.837 V/WindowManager(  473): finishPostLayoutPolicyLw: mHideKeyguard=false
08-30 16:38:28.357 W/ContextImpl(17353): Calling a method in the system process without a qualified user: android.app.ContextImpl.sendBroadcast:1327 android.content.ContextWrapper.sendBroadcast:377 com.ibotn.ibotnhal.UartService.getControlerSts:1295 com.ibotn.ibotnhal.UartService.DoExecuteCommand:1335 com.ibotn.ibotnhal.UartService.ExecuteCommand:1343 
08-30 16:38:28.368 W/ContextImpl(17353): Calling a method in the system process without a qualified user: android.app.ContextImpl.sendBroadcast:1327 android.content.ContextWrapper.sendBroadcast:377 com.ibotn.ibotnhal.GpioPollingService$5.onReceive:909 android.app.LoadedApk$ReceiverDispatcher$Args.run:866 android.os.Handler.handleCallback:739 
08-30 16:38:31.791 W/ActivityManager(  473): getTasks: caller 10046 does not hold GET_TASKS; limiting output
08-30 16:38:31.793 W/ActivityManager(  473): getTasks: caller 10046 does not hold GET_TASKS; limiting output
08-30 16:38:31.795 V/SettingsProvider(  473): call_put(system:work_model_local=1) for 0
08-30 16:38:31.795 V/SettingsProvider(  473): insert(content://settings/system) for user 0 by 0
08-30 16:38:33.660 W/PackageManager(  473): Code path for pkg : com.sp.spmultipleapp changing from /data/app/com.sp.spmultipleapp-2 to /data/app/com.sp.spmultipleapp-1
08-30 16:38:33.660 I/ActivityManager(  473): Force stopping com.sp.spmultipleapp appid=10062 user=-1: update pkg
08-30 16:38:33.660 W/PackageManager(  473): Resource path for pkg : com.sp.spmultipleapp changing from /data/app/com.sp.spmultipleapp-2 to /data/app/com.sp.spmultipleapp-1
08-30 16:38:33.714 W/PackageManager(  473): Not granting permission android.permission.MOUNT_UNMOUNT_FILESYSTEMS to package com.sp.spmultipleapp (protectionLevel=18 flags=0x48be46)
08-30 16:38:33.714 W/PackageManager(  473): Not granting permission android.permission.READ_LOGS to package com.sp.spmultipleapp (protectionLevel=50 flags=0x48be46)
08-30 16:38:33.762 I/ActivityManager(  473): Force stopping com.sp.spmultipleapp appid=10062 user=0: pkg removed
08-30 16:38:33.812 W/ContextImpl( 9979): Calling a method in the system process without a qualified user: android.app.ContextImpl.startService:1692 android.content.ContextWrapper.startService:516 android.content.ContextWrapper.startService:516 com.android.keychain.KeyChainBroadcastReceiver.onReceive:12 android.app.ActivityThread.handleReceiver:2609 
08-30 16:38:33.903 D/InputMethodManagerService(  473): --- re-buildInputMethodList reset = false 
08-30 16:38:33.903 D/InputMethodManagerService(  473):  ------ 
08-30 16:38:33.903 D/InputMethodManagerService(  473): com.android.server.InputMethodManagerService.buildInputMethodListLocked(InputMethodManagerService.java:2670)
08-30 16:38:33.903 D/InputMethodManagerService(  473): com.android.server.InputMethodManagerService$MyPackageMonitor.onSomePackagesChanged(InputMethodManagerService.java:546)
08-30 16:38:33.903 D/InputMethodManagerService(  473): com.android.internal.content.PackageMonitor.onReceive(PackageMonitor.java:403)
08-30 16:38:33.903 D/InputMethodManagerService(  473): android.app.LoadedApk$ReceiverDispatcher$Args.run(LoadedApk.java:866)
08-30 16:38:33.903 D/InputMethodManagerService(  473): android.os.Handler.handleCallback(Handler.java:739)
08-30 16:38:33.903 D/InputMethodManagerService(  473): android.os.Handler.dispatchMessage(Handler.java:95)
08-30 16:38:33.903 D/InputMethodManagerService(  473): android.os.Looper.loop(Looper.java:135)
08-30 16:38:33.903 D/InputMethodManagerService(  473): android.os.HandlerThread.run(HandlerThread.java:61)
08-30 16:38:33.904 D/InputMethodManagerService(  473): Checking ComponentInfo{com.android.inputmethod.pinyin/com.android.inputmethod.pinyin.PinyinIME}
08-30 16:38:33.908 D/InputMethodManagerService(  473): Found an input method InputMethodInfo{com.android.inputmethod.pinyin/.PinyinIME, settings: com.android.inputmethod.pinyin.SettingsActivity}
08-30 16:38:33.908 D/InputMethodManagerService(  473): Checking ComponentInfo{com.iflytek.inputmethod.pad/com.iflytek.inputmethod.pad.FlyIME}
08-30 16:38:33.932 D/InputMethodManagerService(  473): Found an input method InputMethodInfo{com.iflytek.inputmethod.pad/.FlyIME, settings: com.iflytek.inputmethod.pad.SettingsActivity}
08-30 16:38:33.980 D/JobSchedulerService(  473): Receieved: android.intent.action.PACKAGE_REMOVED
08-30 16:38:33.981 D/BackupManagerService(  473): Received broadcast Intent { act=android.intent.action.PACKAGE_REMOVED dat=package:com.sp.spmultipleapp flg=0x4000010 (has extras) }
08-30 16:38:34.007 D/BackupManagerService(  473): Received broadcast Intent { act=android.intent.action.PACKAGE_ADDED dat=package:com.sp.spmultipleapp flg=0x4000010 (has extras) }
08-30 16:38:34.015 W/BackupManagerService(  473): Removing schedule queue dupe of com.sp.spmultipleapp
08-30 16:38:34.077 W/VoiceInteractionManagerService(  473): no available voice recognition services found for user 0
08-30 16:38:35.239 W/BatteryStatsImpl(  473): Couldn't get kernel wake lock stats
08-30 16:38:36.786 W/ActivityManager(  473): getTasks: caller 10046 does not hold GET_TASKS; limiting output
08-30 16:38:36.787 W/ActivityManager(  473): getTasks: caller 10046 does not hold GET_TASKS; limiting output
08-30 16:38:36.789 V/SettingsProvider(  473): call_put(system:work_model_local=1) for 0
08-30 16:38:36.789 V/SettingsProvider(  473): insert(content://settings/system) for user 0 by 0
08-30 16:38:38.375 W/ContextImpl(17353): Calling a method in the system process without a qualified user: android.app.ContextImpl.sendBroadcast:1327 android.content.ContextWrapper.sendBroadcast:377 com.ibotn.ibotnhal.UartService.getControlerSts:1295 com.ibotn.ibotnhal.UartService.DoExecuteCommand:1335 com.ibotn.ibotnhal.UartService.ExecuteCommand:1343 
08-30 16:38:38.378 W/ContextImpl(17353): Calling a method in the system process without a qualified user: android.app.ContextImpl.sendBroadcast:1327 android.content.ContextWrapper.sendBroadcast:377 com.ibotn.ibotnhal.GpioPollingService$5.onReceive:909 android.app.LoadedApk$ReceiverDispatcher$Args.run:866 android.os.Handler.handleCallback:739 
08-30 16:38:41.792 W/ActivityManager(  473): getTasks: caller 10046 does not hold GET_TASKS; limiting output
08-30 16:38:41.793 W/ActivityManager(  473): getTasks: caller 10046 does not hold GET_TASKS; limiting output
08-30 16:38:41.795 V/SettingsProvider(  473): call_put(system:work_model_local=1) for 0
08-30 16:38:41.795 V/SettingsProvider(  473): insert(content://settings/system) for user 0 by 0
08-30 16:38:45.380 W/ContextImpl(17353): Calling a method in the system process without a qualified user: android.app.ContextImpl.sendBroadcast:1327 android.content.ContextWrapper.sendBroadcast:377 com.ibotn.messageservice.UDPSocket.sendReport:2911 com.ibotn.messageservice.UDPSocket.parseMessage:2397 com.ibotn.messageservice.UDPSocket.parseMsgRecvData:1618 
08-30 16:38:46.795 W/ActivityManager(  473): getTasks: caller 10046 does not hold GET_TASKS; limiting output
08-30 16:38:46.795 W/ActivityManager(  473): getTasks: caller 10046 does not hold GET_TASKS; limiting output
08-30 16:38:46.796 V/SettingsProvider(  473): call_put(system:work_model_local=1) for 0
08-30 16:38:46.796 V/SettingsProvider(  473): insert(content://settings/system) for user 0 by 0
08-30 16:38:48.374 W/ContextImpl(17353): Calling a method in the system process without a qualified user: android.app.ContextImpl.sendBroadcast:1327 android.content.ContextWrapper.sendBroadcast:377 com.ibotn.ibotnhal.UartService.getControlerSts:1295 com.ibotn.ibotnhal.UartService.DoExecuteCommand:1335 com.ibotn.ibotnhal.UartService.ExecuteCommand:1343 
08-30 16:38:48.377 W/ContextImpl(17353): Calling a method in the system process without a qualified user: android.app.ContextImpl.sendBroadcast:1327 android.content.ContextWrapper.sendBroadcast:377 com.ibotn.ibotnhal.GpioPollingService$5.onReceive:909 android.app.LoadedApk$ReceiverDispatcher$Args.run:866 android.os.Handler.handleCallback:739 
08-30 16:38:51.797 W/ActivityManager(  473): getTasks: caller 10046 does not hold GET_TASKS; limiting output
08-30 16:38:51.798 W/ActivityManager(  473): getTasks: caller 10046 does not hold GET_TASKS; limiting output
08-30 16:38:51.799 V/SettingsProvider(  473): call_put(system:work_model_local=1) for 0
08-30 16:38:51.800 V/SettingsProvider(  473): insert(content://settings/system) for user 0 by 0
08-30 16:38:56.799 W/ActivityManager(  473): getTasks: caller 10046 does not hold GET_TASKS; limiting output
08-30 16:38:56.799 W/ActivityManager(  473): getTasks: caller 10046 does not hold GET_TASKS; limiting output
08-30 16:38:56.801 V/SettingsProvider(  473): call_put(system:work_model_local=1) for 0
08-30 16:38:56.801 V/SettingsProvider(  473): insert(content://settings/system) for user 0 by 0
08-30 16:38:58.376 W/ContextImpl(17353): Calling a method in the system process without a qualified user: android.app.ContextImpl.sendBroadcast:1327 android.content.ContextWrapper.sendBroadcast:377 com.ibotn.ibotnhal.UartService.getControlerSts:1295 com.ibotn.ibotnhal.UartService.DoExecuteCommand:1335 com.ibotn.ibotnhal.UartService.ExecuteCommand:1343 
08-30 16:38:58.379 W/ContextImpl(17353): Calling a method in the system process without a qualified user: android.app.ContextImpl.sendBroadcast:1327 android.content.ContextWrapper.sendBroadcast:377 com.ibotn.ibotnhal.GpioPollingService$5.onReceive:909 android.app.LoadedApk$ReceiverDispatcher$Args.run:866 android.os.Handler.handleCallback:739 
08-30 16:39:01.805 W/ActivityManager(  473): getTasks: caller 10046 does not hold GET_TASKS; limiting output
08-30 16:39:01.806 W/ActivityManager(  473): getTasks: caller 10046 does not hold GET_TASKS; limiting output
08-30 16:39:01.806 V/SettingsProvider(  473): call_put(system:work_model_local=1) for 0
08-30 16:39:01.806 V/SettingsProvider(  473): insert(content://settings/system) for user 0 by 0
08-30 16:39:06.807 W/ActivityManager(  473): getTasks: caller 10046 does not hold GET_TASKS; limiting output
08-30 16:39:06.807 W/ActivityManager(  473): getTasks: caller 10046 does not hold GET_TASKS; limiting output
08-30 16:39:06.808 V/SettingsProvider(  473): call_put(system:work_model_local=1) for 0
08-30 16:39:06.808 V/SettingsProvider(  473): insert(content://settings/system) for user 0 by 0
08-30 16:39:08.374 W/ContextImpl(17353): Calling a method in the system process without a qualified user: android.app.ContextImpl.sendBroadcast:1327 android.content.ContextWrapper.sendBroadcast:377 com.ibotn.ibotnhal.UartService.getControlerSts:1295 com.ibotn.ibotnhal.UartService.DoExecuteCommand:1335 com.ibotn.ibotnhal.UartService.ExecuteCommand:1343 
08-30 16:39:08.377 W/ContextImpl(17353): Calling a method in the system process without a qualified user: android.app.ContextImpl.sendBroadcast:1327 android.content.ContextWrapper.sendBroadcast:377 com.ibotn.ibotnhal.GpioPollingService$5.onReceive:909 android.app.LoadedApk$ReceiverDispatcher$Args.run:866 android.os.Handler.handleCallback:739 
08-30 16:39:08.653 I/ProcessStatsService(  473): Prepared write state in 2ms
08-30 16:39:08.655 I/ProcessStatsService(  473): Prepared write state in 3ms
08-30 16:39:11.813 W/ActivityManager(  473): getTasks: caller 10046 does not hold GET_TASKS; limiting output
08-30 16:39:11.813 W/ActivityManager(  473): getTasks: caller 10046 does not hold GET_TASKS; limiting output
08-30 16:39:11.814 V/SettingsProvider(  473): call_put(system:work_model_local=1) for 0
08-30 16:39:11.815 V/SettingsProvider(  473): insert(content://settings/system) for user 0 by 0
08-30 16:39:16.820 W/ActivityManager(  473): getTasks: caller 10046 does not hold GET_TASKS; limiting output
08-30 16:39:16.820 W/ActivityManager(  473): getTasks: caller 10046 does not hold GET_TASKS; limiting output
08-30 16:39:16.822 V/SettingsProvider(  473): call_put(system:work_model_local=1) for 0
08-30 16:39:16.822 V/SettingsProvider(  473): insert(content://settings/system) for user 0 by 0
08-30 16:39:18.396 W/ContextImpl(17353): Calling a method in the system process without a qualified user: android.app.ContextImpl.sendBroadcast:1327 android.content.ContextWrapper.sendBroadcast:377 com.ibotn.ibotnhal.UartService.getControlerSts:1295 com.ibotn.ibotnhal.UartService.DoExecuteCommand:1335 com.ibotn.ibotnhal.UartService.ExecuteCommand:1343 
08-30 16:39:18.400 W/ContextImpl(17353): Calling a method in the system process without a qualified user: android.app.ContextImpl.sendBroadcast:1327 android.content.ContextWrapper.sendBroadcast:377 com.ibotn.ibotnhal.GpioPollingService$5.onReceive:909 android.app.LoadedApk$ReceiverDispatcher$Args.run:866 android.os.Handler.handleCallback:739 
08-30 16:39:21.825 W/ActivityManager(  473): getTasks: caller 10046 does not hold GET_TASKS; limiting output
08-30 16:39:21.825 W/ActivityManager(  473): getTasks: caller 10046 does not hold GET_TASKS; limiting output
08-30 16:39:21.826 V/SettingsProvider(  473): call_put(system:work_model_local=1) for 0
08-30 16:39:21.826 V/SettingsProvider(  473): insert(content://settings/system) for user 0 by 0
08-30 16:39:26.829 W/ActivityManager(  473): getTasks: caller 10046 does not hold GET_TASKS; limiting output
08-30 16:39:26.829 W/ActivityManager(  473): getTasks: caller 10046 does not hold GET_TASKS; limiting output
08-30 16:39:26.830 V/SettingsProvider(  473): call_put(system:work_model_local=1) for 0
08-30 16:39:26.830 V/SettingsProvider(  473): insert(content://settings/system) for user 0 by 0
08-30 16:39:28.397 W/ContextImpl(17353): Calling a method in the system process without a qualified user: android.app.ContextImpl.sendBroadcast:1327 android.content.ContextWrapper.sendBroadcast:377 com.ibotn.ibotnhal.UartService.getControlerSts:1295 com.ibotn.ibotnhal.UartService.DoExecuteCommand:1335 com.ibotn.ibotnhal.UartService.ExecuteCommand:1343 
08-30 16:39:28.402 W/ContextImpl(17353): Calling a method in the system process without a qualified user: android.app.ContextImpl.sendBroadcast:1327 android.content.ContextWrapper.sendBroadcast:377 com.ibotn.ibotnhal.GpioPollingService$5.onReceive:909 android.app.LoadedApk$ReceiverDispatcher$Args.run:866 android.os.Handler.handleCallback:739 
08-30 16:39:31.836 W/ActivityManager(  473): getTasks: caller 10046 does not hold GET_TASKS; limiting output
08-30 16:39:31.837 W/ActivityManager(  473): getTasks: caller 10046 does not hold GET_TASKS; limiting output
08-30 16:39:31.838 V/SettingsProvider(  473): call_put(system:work_model_local=1) for 0
08-30 16:39:31.838 V/SettingsProvider(  473): insert(content://settings/system) for user 0 by 0
08-30 16:39:36.841 W/ActivityManager(  473): getTasks: caller 10046 does not hold GET_TASKS; limiting output
08-30 16:39:36.842 W/ActivityManager(  473): getTasks: caller 10046 does not hold GET_TASKS; limiting output
08-30 16:39:36.844 V/SettingsProvider(  473): call_put(system:work_model_local=1) for 0
08-30 16:39:36.844 V/SettingsProvider(  473): insert(content://settings/system) for user 0 by 0
08-30 16:39:38.400 W/ContextImpl(17353): Calling a method in the system process without a qualified user: android.app.ContextImpl.sendBroadcast:1327 android.content.ContextWrapper.sendBroadcast:377 com.ibotn.ibotnhal.UartService.getControlerSts:1295 com.ibotn.ibotnhal.UartService.DoExecuteCommand:1335 com.ibotn.ibotnhal.UartService.ExecuteCommand:1343 
08-30 16:39:38.405 W/ContextImpl(17353): Calling a method in the system process without a qualified user: android.app.ContextImpl.sendBroadcast:1327 android.content.ContextWrapper.sendBroadcast:377 com.ibotn.ibotnhal.GpioPollingService$5.onReceive:909 android.app.LoadedApk$ReceiverDispatcher$Args.run:866 android.os.Handler.handleCallback:739 
08-30 16:39:41.847 W/ActivityManager(  473): getTasks: caller 10046 does not hold GET_TASKS; limiting output
08-30 16:39:41.847 W/ActivityManager(  473): getTasks: caller 10046 does not hold GET_TASKS; limiting output
08-30 16:39:41.848 V/SettingsProvider(  473): call_put(system:work_model_local=1) for 0
08-30 16:39:41.848 V/SettingsProvider(  473): insert(content://settings/system) for user 0 by 0
08-30 16:39:46.390 W/ContextImpl(17353): Calling a method in the system process without a qualified user: android.app.ContextImpl.sendBroadcast:1327 android.content.ContextWrapper.sendBroadcast:377 com.ibotn.messageservice.UDPSocket.sendReport:2911 com.ibotn.messageservice.UDPSocket.parseMessage:2397 com.ibotn.messageservice.UDPSocket.parseMsgRecvData:1618 
08-30 16:39:46.854 W/ActivityManager(  473): getTasks: caller 10046 does not hold GET_TASKS; limiting output
08-30 16:39:46.855 W/ActivityManager(  473): getTasks: caller 10046 does not hold GET_TASKS; limiting output
08-30 16:39:46.856 V/SettingsProvider(  473): call_put(system:work_model_local=1) for 0
08-30 16:39:46.856 V/SettingsProvider(  473): insert(content://settings/system) for user 0 by 0
08-30 16:39:48.399 W/ContextImpl(17353): Calling a method in the system process without a qualified user: android.app.ContextImpl.sendBroadcast:1327 android.content.ContextWrapper.sendBroadcast:377 com.ibotn.ibotnhal.UartService.getControlerSts:1295 com.ibotn.ibotnhal.UartService.DoExecuteCommand:1335 com.ibotn.ibotnhal.UartService.ExecuteCommand:1343 
08-30 16:39:48.401 W/ContextImpl(17353): Calling a method in the system process without a qualified user: android.app.ContextImpl.sendBroadcast:1327 android.content.ContextWrapper.sendBroadcast:377 com.ibotn.ibotnhal.GpioPollingService$5.onReceive:909 android.app.LoadedApk$ReceiverDispatcher$Args.run:866 android.os.Handler.handleCallback:739 
08-30 16:39:51.855 W/ActivityManager(  473): getTasks: caller 10046 does not hold GET_TASKS; limiting output
08-30 16:39:51.856 W/ActivityManager(  473): getTasks: caller 10046 does not hold GET_TASKS; limiting output
08-30 16:39:51.856 V/SettingsProvider(  473): call_put(system:work_model_local=1) for 0
08-30 16:39:51.857 V/SettingsProvider(  473): insert(content://settings/system) for user 0 by 0
08-30 16:39:56.862 W/ActivityManager(  473): getTasks: caller 10046 does not hold GET_TASKS; limiting output
08-30 16:39:56.863 W/ActivityManager(  473): getTasks: caller 10046 does not hold GET_TASKS; limiting output
08-30 16:39:56.864 V/SettingsProvider(  473): call_put(system:work_model_local=1) for 0
08-30 16:39:56.864 V/SettingsProvider(  473): insert(content://settings/system) for user 0 by 0
08-30 16:39:58.418 W/ContextImpl(17353): Calling a method in the system process without a qualified user: android.app.ContextImpl.sendBroadcast:1327 android.content.ContextWrapper.sendBroadcast:377 com.ibotn.ibotnhal.UartService.getControlerSts:1295 com.ibotn.ibotnhal.UartService.DoExecuteCommand:1335 com.ibotn.ibotnhal.UartService.ExecuteCommand:1343 
08-30 16:39:58.421 W/ContextImpl(17353): Calling a method in the system process without a qualified user: android.app.ContextImpl.sendBroadcast:1327 android.content.ContextWrapper.sendBroadcast:377 com.ibotn.ibotnhal.GpioPollingService$5.onReceive:909 android.app.LoadedApk$ReceiverDispatcher$Args.run:866 android.os.Handler.handleCallback:739 
08-30 16:40:01.864 W/ActivityManager(  473): getTasks: caller 10046 does not hold GET_TASKS; limiting output
08-30 16:40:01.865 W/ActivityManager(  473): getTasks: caller 10046 does not hold GET_TASKS; limiting output
08-30 16:40:01.867 V/SettingsProvider(  473): call_put(system:work_model_local=1) for 0
08-30 16:40:01.867 V/SettingsProvider(  473): insert(content://settings/system) for user 0 by 0
08-30 16:40:06.870 W/ActivityManager(  473): getTasks: caller 10046 does not hold GET_TASKS; limiting output
08-30 16:40:06.871 W/ActivityManager(  473): getTasks: caller 10046 does not hold GET_TASKS; limiting output
08-30 16:40:06.871 V/SettingsProvider(  473): call_put(system:work_model_local=1) for 0
08-30 16:40:06.872 V/SettingsProvider(  473): insert(content://settings/system) for user 0 by 0
08-30 16:40:08.417 W/ContextImpl(17353): Calling a method in the system process without a qualified user: android.app.ContextImpl.sendBroadcast:1327 android.content.ContextWrapper.sendBroadcast:377 com.ibotn.ibotnhal.UartService.getControlerSts:1295 com.ibotn.ibotnhal.UartService.DoExecuteCommand:1335 com.ibotn.ibotnhal.UartService.ExecuteCommand:1343 
08-30 16:40:08.420 W/ContextImpl(17353): Calling a method in the system process without a qualified user: android.app.ContextImpl.sendBroadcast:1327 android.content.ContextWrapper.sendBroadcast:377 com.ibotn.ibotnhal.GpioPollingService$5.onReceive:909 android.app.LoadedApk$ReceiverDispatcher$Args.run:866 android.os.Handler.handleCallback:739 
08-30 16:40:11.876 W/ActivityManager(  473): getTasks: caller 10046 does not hold GET_TASKS; limiting output
08-30 16:40:11.877 W/ActivityManager(  473): getTasks: caller 10046 does not hold GET_TASKS; limiting output
08-30 16:40:11.878 V/SettingsProvider(  473): call_put(system:work_model_local=1) for 0
08-30 16:40:11.878 V/SettingsProvider(  473): insert(content://settings/system) for user 0 by 0
08-30 16:40:16.879 W/ActivityManager(  473): getTasks: caller 10046 does not hold GET_TASKS; limiting output
08-30 16:40:16.879 W/ActivityManager(  473): getTasks: caller 10046 does not hold GET_TASKS; limiting output
08-30 16:40:16.880 V/SettingsProvider(  473): call_put(system:work_model_local=1) for 0
08-30 16:40:16.880 V/SettingsProvider(  473): insert(content://settings/system) for user 0 by 0
08-30 16:40:18.418 W/ContextImpl(17353): Calling a method in the system process without a qualified user: android.app.ContextImpl.sendBroadcast:1327 android.content.ContextWrapper.sendBroadcast:377 com.ibotn.ibotnhal.UartService.getControlerSts:1295 com.ibotn.ibotnhal.UartService.DoExecuteCommand:1335 com.ibotn.ibotnhal.UartService.ExecuteCommand:1343 
08-30 16:40:18.421 W/ContextImpl(17353): Calling a method in the system process without a qualified user: android.app.ContextImpl.sendBroadcast:1327 android.content.ContextWrapper.sendBroadcast:377 com.ibotn.ibotnhal.GpioPollingService$5.onReceive:909 android.app.LoadedApk$ReceiverDispatcher$Args.run:866 android.os.Handler.handleCallback:739 
08-30 16:40:21.885 W/ActivityManager(  473): getTasks: caller 10046 does not hold GET_TASKS; limiting output
08-30 16:40:21.886 W/ActivityManager(  473): getTasks: caller 10046 does not hold GET_TASKS; limiting output
08-30 16:40:21.887 V/SettingsProvider(  473): call_put(system:work_model_local=1) for 0
08-30 16:40:21.887 V/SettingsProvider(  473): insert(content://settings/system) for user 0 by 0
08-30 16:40:26.891 W/ActivityManager(  473): getTasks: caller 10046 does not hold GET_TASKS; limiting output
08-30 16:40:26.892 W/ActivityManager(  473): getTasks: caller 10046 does not hold GET_TASKS; limiting output
08-30 16:40:26.894 V/SettingsProvider(  473): call_put(system:work_model_local=1) for 0
08-30 16:40:26.894 V/SettingsProvider(  473): insert(content://settings/system) for user 0 by 0
08-30 16:40:28.440 W/ContextImpl(17353): Calling a method in the system process without a qualified user: android.app.ContextImpl.sendBroadcast:1327 android.content.ContextWrapper.sendBroadcast:377 com.ibotn.ibotnhal.UartService.getControlerSts:1295 com.ibotn.ibotnhal.UartService.DoExecuteCommand:1335 com.ibotn.ibotnhal.UartService.ExecuteCommand:1343 
